       ▄▄▄▄▄▄▄▄▄
     ▄▀▀ ██      ▀▀▄
    █  ▀            █
    █░░░░█░░░░░█░░░░█
    ▀▄░░░░░░░░░░░░░▄▀
     ▀▀▀▀▀▀▀▀▀▀▀▀▀


             ▄▀▀▄   ▄▀▀▄
            █    ▀▄█  ▄█▄▄▀▀▄
           ▄▄█   ▄▀ ▀▀ ▄▀  ▄▀▄
         ▄▀   ▀▀▀      ▀▄▄▀   ▀▀▄
        █  ██                ▄  █
       █ ▀     █      █     █ █ █
       █▀                 ▄  ▀  █
       █░░░ ▀               ▀ ░░█
        ▀▄░░░░░░░░░░░░░░░░░░░▄▀
          ▀▀▀▀▀▀▀▀▀▀▀▀▀▀▀▀▀▀▀


           ▐▀▌▐▀▌
            ▌ ▌  █  █    █▀▌
        ▐▀▄ █▄▐▄█   █   █ ▐
       ▄▄█ ▀▄  █    █▀▀█  ▌
    ▄▀   ▌           ▀  ▐▀▀▄
   █                       █
  █       █      █         █
  █                        █
  █░░░                  ░░█  
   ▀▄░░░░░░░░░░░░░░░░░░░▄▀   
     ▀▀▀▀▀▀▀▀▀▀▀▀▀▀▀▀▀▀▀   
 
 
            ▓▓▓▓▓▓▓▓▓          
        ▓████████████▓       
      ▓███░░░░░░░░░░░███▓     
    ▓███░▒▒▒▒▒▒▒▒▒▒▒▒░███▓   
   ▓██▒▒▒▒▒▒▒▒▒████████▒██▓  
   ▀█▄▄▄▄▄▄▄▄▄▄▄▄▄▄▄▄▄▄▄▄█▀   
       ▀█   █    █   █▀    
       █ ▀▀        ▀▀ █
        █            █
         ▀▄▄▄▄▄▄▄▄▄▄▀ 


       ▄█▀░░▀█▄  
      █░░░░█░░█  
     █░░░░█░░░█  
     █░░░█░░░░█  
    ▀█░░░█░░░█▀  
      ▀█░░░░█▀   
    ▄▄▄██▀▀██▄▄  
  ▄▀           ▀▄
 █   █       █   █
▐                ▌
▐     ▀▄▄▄▀▄▄▀  ▌
 ▀▄           ▄▀ 
   ▀▄▄▄▄▄▄▄▄▄▀   


              ▄▄▄▄▄▄▄            
            ▄█░░░░░░░█▄
   █       █░░░▄▄▄▄░░░█
  █ █     █░░░█ ❆  █░░█
 █   █    █░░░█▄◈❆▄█░░█      █
  █ █     █░░░░▀▀▀▀░░░░█     █ █
   █      █░░░░░░░░░░░█     █   █
           ▀█░░░░░░░█▀       █ █
             ▀▄▄▄▄▄▄▀         █
         ▄▀▀▄█▀░░░▀█▀
        ▀ ▄█░░█░░█░░█▄
         █░░█░░█░░█░░█
          █░░▀▀▀▀▀░░░█▀
           ▀▀▀▀▀▀▀▀▀▀▀
           
                       
⠀⠀⠀⠀⠀⠀⠀⠀⠀⠀■■■■■■■⠀⠀⠀⠀⠀⠀⠀⠀⠀
⠀⠀⠀⠀⠀⠀⠀⠀⠀█⠛⠿⠿⠿⠿⠛█⠀⠀⠀⠀⠀⠀⠀⠀
⠀⠀⠀⠀⠀⠀⠀⠀█⠈      ⠁█⠀⠀⠀⠀⠀⠀   
⠀⠀⠀⠀⠀⠀⠀⠀█⠛      ⠿█⠀⠀⠀⠀⠀⠀   
⠀⠀⠀⠀⠀⠀⠀⠀█         █⠀⠀⠀⠀⠀⠀⠀  
⠀⠀⠀⠀⠀⠀⠀⠀█⠛        █⠀⠀⠀⠀⠀⠀⠀⠀
⠀⠀⠀⠀⠀⠀⠀⠀█⠀    ⠿   █⠀⠀⠀⠀⠀⠀⠀⠀
⠀⠀⠀⢀⡀⠀⠀⠀█⠀⠀⠀⠀⠀⠀⠛ █■⣀⠀⠀⠀⠀⠀ 
⠀⠀⢀⣯⠽⣆⣀⣀█⠀⠀⠀⠀⠀⠀⠀ █⠿⠛⢿⣦⣀⠀ 
⠀⣠⣿⠃⠀⣸⡟⠉█⣤⣶⣶⣶⠀⠀⠀█⠀⠀⠀⣸⣿⣿⣆
⢰⣿⣯⡀⠀⢹⡇⠀█⠈⠁⠀⠀⠀⠀⠀█⠀⠀⢀⣿⣿⣿⣿
⢿⣿⣿⣷⣄⣸⡇⠀█⠀⠀⠛⠀⠀⠀⠀█⠀⠀⢸⠿⠋⠉⠁


                   ▄   ▄
                    ▌ ▐
                    █▄█
                   <▌▀▐>
                  <▌▀▐>
                 <▌▀▐>
                  <▌▀▐>
         ⢀⡀       <▌▀▐>
        ⢀⣯⠽⣆⣀⣀  <▌▀▐>⠿⠛⢿⣦⣀
       ⣠⣿⠃⠀⣸⡟⠉ <▌▀▐>    ⣸⣿⣿⣆
      ⢰⣿⣯⡀⠀⢹⡇  <▌▀▐>  ⢀⣿⣿⣿⣿
      ⢿⣿⣿⣷⣄⣸⡇  <▌▀▐>   ⢸⠿⠋⠉⠁
  

        ▄█▀▀▀▀█▄
      ▄█░░░░░░░░█▄
     █░░░░░░░░░░░░█
    █░░░▄▀▀▀▀▀▀▄░░░█
    █░░ █ ▄▄▄▄ █░░░█
    ▀█░█ ██████ █░█▀
      ▀█▄ ▀▀▀▀░▄█▀▀
        ▀▀▄▄▄▄▀▀
      ▄▀▀▀████▀▀▀▀▄▄
    ▄▀▄░▄▀ ██ ▀▄░█░█
   █░█░█  ██    █░█░█
  █░▀░█   ██     █░▀░█
  ▀▀▀▀       ▀▀   ▀▀▀▀       
  
                                           
⠀⠀⠀⠀⠀⠀⠀⠀⠀⠀⠀⠀⠀⠀⠀⠀⠀⠀              ▄▄▄▄▄▄▄    ⠀⠀⠀⠀⠀⠀⠀
                                █▀       ▀▀▀▀▄▄⠀⠀⠀⠀⠀⠀
                                █     █⠀  ⠀⠀⠀⠀▀▄ ⠀⠀⠀⠀
                                ▀▄▄⠀⠀⠀⠀⠀⠀⠀⠀     █⠀⠀⠀
                                 ▀▀▀▀▀▄ ⠀⠀⠀░░░░░▀▄⠀⠀
         ⠀⠀⠀⠀⠀                         ▀▀▄░░     ▐
                                         ▐    ⠀⠀⠀█
    ⠀⠀⠀⠀⠀⠀⠀⠀⠀⠀⠀⠀⠀⠀                  ⠀⠀⠀⠀█░░░░░░░▌        
    ⠀⠀⠀⠀⠀⠀⠀⠀ ⠀⠀⠀▄■■■■■■■■■▄▄⠀ ⠀⠀⠀⠀⠀ ⠀⠀⠀⠀█░░░░░░▌          
    ⠀⠀▄▄▄▄ ⠀ ⠀⠀▄▀⠀⠀⠀⠀░░░⠀⠀ ▀■■▄⠀ ⠀   ⠀⠀▄▀⠀⠀⠀⠀⠀ ▌⠀⠀⠀⠀⠀     
    ⠀ ▌ ░░▀▀▄⠀⠀█░⠀⠀⠀⠀ ░░░   ⠀░░ █⠀⠀     █⠀⠀⠀⠀⠀ █⠀⠀⠀⠀   
    ▄▀░ ▄▄  ░▐■■▀░░ ▄■■■■■■■■▄░░⠀░▀■■■■■■▀░░░░░░▄▀   ⠀    
    ▀▄▀▀⠀█▄░░    ░░█⠀⠀⠀⠀⠀⠀⠀⠀█   ░░░░⠀⠀ ░░░░░░▄▀     ⠀⠀⠀ 
     ⠀⠀⠀⠀▀■■■■■■■▀           ▀■■■■■■■■■■■■■■■▀⠀⠀⠀⠀⠀⠀⠀⠀ 
         

                  ██████ 
                 █ ■  ■ █ 
                 ██▄▄▄▄██ 
                ▐ ▀▀▀▀▀▀ ▌⠀⠀
                ▐   ░░   ▌
             ▄ ▄█ ░░     █ ▄  ▄
            ▄▀█▄▌░       ▌▄█▀▄
          ▄▀▄▀ ▐▄▄▄██▄▄▄▄▌  ▀▄▀▄
          ▀▀    ▌  ▌ ▐  ▐     ▀▀
               ▌█▐    ▌█▐
               ▌ ▐    ▌ ▐
              ███     ████
             
                   
                                            ██████
                                           █ ■  ■ █
                                           █  ██  █    ▄▄▀▀▄
                                          ▐ ██████ ▌▄▀▀▄▄▀▀
                                         ▐    ░░    ▌▄▀
                                         ▌  ░░      ▌
                                     ▄▄▀▀▐░░        ▌
                             ▄▄▀▀▄▄██▄▄▀▀▐▄▄▄██▄▄▄▄▌
                           ▄▀░░░░▄▄▀▀     ▌  ▌ ▐  ▐
                          ▀▄▄▄▄▀▀        ▌█▐    ▌█▐
                                         ▌ ▐     ▌ ▐
                                        ████     ████


                            ▄▄▄▄▄▄▄▄▄       ▄▄▄▄▄▄▄▄▄
                   ▄▄▄▀▀▀▀▀▀ ▄    ▄▀ █     █ ▀▄    ▄ ▀▀▀▀▀▀▄▄▄
               ▄▄▀▀▄▄▄▀▀▀▀▀▀▀░█  █  ▐█▄▀▀▀▄█▌  █  █░▀▀▀▀▀▀▀▄▄▄▀▀▄▄
             ▄▀▄▄▀▀     ░   ░█  █   █▀⸎ ⸎▀█   █  █░   ░     ▀▀▄▄▀▄
            █ █       ░    ░█  █     █  ⸰⸰  █     █  █░    ░       █ █
           █ █      ░     ░█  █      ▄█▄ ▄█▄      █  █░     ░      █ █
          █ █      ░     ░  ▀▄ ▀▄▄  █       █  ▄▄▀ ▄▀  ░     ░      █ █
         █ █      ░      ░    ▀▄  ▀▀   ▓▓▓   ▀▀  ▄▀   ░       ░      █ █
        █ █       ░      ░      ▀▄    █▓▓▓█    ▄▀     ░       ░       █ █
         █ █▄▀▀▀▄░▄▀▀▀▀▀▄░▄▀▀▀▄▄  █   █▓▓▓█   █  ▄▄▀▀▀▄░▄▀▀▀▀▀▄░▄▀▀▀▄█ █
          █▀     █       █      ▀█   █▓▓▓▓▓█   █▀      █       █     ▀█
                         ▄▄▄▄▀▀▄▀    █▓▓▓▓▓█    ▀▄
                        ▀▄▄▄▄▄▄█ █ ▐▌▀▀▀▀▀▀▀▐▌ █ █


⠀⠀⠀⢀⣤⣶⣾⣿⣶⣤⡀⠀⠀⠀
⠀⠀⣴⣿⣿⣿⣿⣿⣿⣿⣿⣦⠀⠀
⠀⣾⣿⣿⣿⣿⣿⣿⣿⣿⣿⣿⣷⠀
⢸⣿⣿⡟⠋⠉⠉⠉⠛⢿⣿⣿⣿⡇
⢸⣿⣿⠁⠀⠀⢀⣀⠀⠀⠈⣿⣿⡇
⢸⣿⣿⡆⠀⢠⣿⣿⣿⡄⠀⢸⣿⡇
⠀⢿⣿⣷⣄⠈⠉⠉⠉⠁⣠⣿⣿⡿⠀
⠀⠈⢿⣿⣿⣶⣤⣤⣶⣿⣿⣿⡿⠁⠀
⠀⠀⠈⠻⣿⣿⣿⣿⣿⣿⣿⠟⠁⠀⠀
⠀⠀⠀⢀⣿⣿⣿⣿⣿⣿⣿⡀⠀⠀⠀
⠀⠀⢠⣿⣿⠟⠋⠉⠙⢿⣿⣿⣄⠀⠀
⠀⠀⠘⠋⠁⠀⠀⠀⠀⠈⠋⠛⠃⠀⠀

